---
source: src/crypto.rs
expression: h
---
[
    0,
    159,
    230,
    205,
    248,
    156,
    184,
    146,
    155,
    190,
    59,
    153,
    37,
    42,
    244,
    92,
]
