---
source: rustyguard-crypto/src/lib.rs
expression: resp.empty.as_bytes()
---
[
    108,
    18,
    211,
    64,
    79,
    214,
    149,
    239,
    32,
    141,
    91,
    177,
    245,
    21,
    96,
    13,
]
