---
source: src/crypto.rs
expression: h
---
[
    10,
    73,
    17,
    59,
    20,
    42,
    115,
    167,
    124,
    30,
    181,
    236,
    147,
    2,
    3,
    164,
    182,
    224,
    254,
    181,
    188,
    124,
    242,
    122,
    251,
    47,
    187,
    53,
    12,
    253,
    140,
    94,
]
