---
source: src/lib.rs
expression: response_buf
---
[
    2,
    0,
    0,
    0,
    99,
    244,
    111,
    133,
    234,
    105,
    172,
    51,
    42,
    102,
    194,
    132,
    214,
    73,
    91,
    137,
    4,
    168,
    109,
    233,
    71,
    24,
    31,
    0,
    98,
    107,
    6,
    167,
    197,
    93,
    92,
    252,
    157,
    96,
    211,
    122,
    115,
    177,
    148,
    110,
    189,
    127,
    203,
    220,
    248,
    219,
    96,
    15,
    2,
    102,
    198,
    208,
    58,
    210,
    163,
    111,
    113,
    252,
    211,
    170,
    91,
    115,
    122,
    98,
    99,
    28,
    209,
    215,
    111,
    194,
    167,
    178,
    0,
    0,
    0,
    0,
    0,
    0,
    0,
    0,
    0,
    0,
    0,
    0,
    0,
    0,
    0,
    0,
]
